// Jest Snapshot v1, https://goo.gl/fbAQLP

exports[`AddCategory tests should be showed correctly 1`] = `
<Fragment>
  <form
    onSubmit={[Function]}
  >
    <p />
    <input
      onChange={[Function]}
      placeholder="Agregar CategorÃ­a"
      type="text"
      value=""
    />
  </form>
</Fragment>
`;
